** Drc report for pmd-tracker.kicad_pcb **
** Created on 2026-10-09T23:38:41 **
** Report includes: Errors, Warnings, Exclusions **

** Found 2 DRC violations **
[silk_edge_clearance]: Silkscreen clipped by board edge
    Rule: board setup constraints silk; warning
    @(142.0000 mm, 130.0000 mm): Segment on Edge.Cuts
    @(103.3000 mm, 128.3000 mm): Segment of J1 on F.Silkscreen
[silk_edge_clearance]: Silkscreen clipped by board edge
    Rule: board setup constraints silk; warning
    @(142.0000 mm, 130.0000 mm): Segment on Edge.Cuts
    @(112.7000 mm, 128.3000 mm): Segment of J1 on F.Silkscreen

** Found 0 unconnected pads **

** Found 0 Footprint errors **

** Ignored checks **
    - Footprint has no courtyard defined
    - Track endpoint not centered on via
    - Tuning profile track geometries
    - Footprint doesn't match symbol's footprint filters
    - Text thickness out of range
    - PTH inside courtyard
    - NPTH inside courtyard
    - Footprint component type doesn't match footprint pads

** End of Report **
